# This config was automatically generated from your source code
# Stacks detected: deps:python:.,package_manager:pipenv:.
version: 2.1
orbs:
  python: circleci/python@2
jobs:
  test-python:
    # Install dependencies and run tests
    executor: python/default
    steps:
      - checkout
      - python/install-packages:
          app-dir: .
          pkg-manager: pipenv
      - run:
          name: Run tests
          command: mkdir test-results && pipenv run pytest --junitxml=test-results/junit.xml
      - store_test_results:
          path: test-results
workflows:
  ci:
    jobs:
      - test-python
