# This config was automatically generated from your source code
# Stacks detected: deps:java:android,deps:node:.,deps:ruby:android,package_manager:yarn:,test:jest:,tool:gradle:
version: 2.1
orbs:
  node: circleci/node@5
jobs:
  test-node:
    # Install node dependencies and run tests
    executor: node/default
    environment:
      JEST_JUNIT_OUTPUT_DIR: ./test-results/
    steps:
      - checkout
      - node/install-packages:
          pkg-manager: yarn
      - run:
          name: Print node install help instructions
          command: |-
            echo "One cause for node package install failure is if you have private repositories that it can't reach
            One way to fix this for private npm packages:
              1. Use the npm CLI's \"login\" command to create a token (usually saved in your user's \"~/.npmrc\" file)
                For more info, see https://circleci.com/blog/publishing-npm-packages-using-circleci-2-0/#:~:text=set%20the%20%24npm_token%20environment%20variable%20in%20circleci
              2. Add a NPM_TOKEN to an org context
                For info on how to use contexts, see https://circleci.com/docs/contexts/
              3. Add a .circleci/config.yml to your repository or use this config.yml as a starting template
              4. Configure the jobs to use the context that includes NPM_TOKEN
              5. Add a step to inject your NPM_TOKEN environment variable into npm before \"install-packages\"
                For an example, see https://circleci.com/blog/publishing-npm-packages-using-circleci-2-0/#:~:text=the%20deploy%20job%20has%20several%20steps%20that%20run%20to%20authenticate%20with%20and%20publish%20to"
          when: on_fail
      - run:
          name: Run tests
          command: yarn run test --ci --runInBand --reporters=default --reporters=jest-junit
      - store_test_results:
          path: ./test-results/
  test-java:
    docker:
      - image: cimg/openjdk:17.0
    working_directory: ~/project/android
    steps:
      - checkout:
          path: ~/project
      - run:
          name: Calculate cache key
          command: |-
            find . -name 'pom.xml' -o -name 'gradlew*' -o -name '*.gradle*' | \
                    sort | xargs cat > /tmp/CIRCLECI_CACHE_KEY
      - restore_cache:
          key: cache-{{ checksum "/tmp/CIRCLECI_CACHE_KEY" }}
      - run:
          command: ./gradlew check
      - store_test_results:
          path: build/test-results
      - save_cache:
          key: cache-{{ checksum "/tmp/CIRCLECI_CACHE_KEY" }}
          paths:
            - ~/.gradle/caches
      - store_artifacts:
          path: build/reports
  deploy:
    # This is an example deploy job, not actually used by the workflow
    docker:
      - image: cimg/base:stable
    steps:
      # Replace this with steps to deploy to users
      - run:
          name: deploy
          command: '#e.g. ./deploy.sh'
workflows:
  build-and-test:
    jobs:
      - test-node
      - test-java
    # - deploy:
    #     requires:
    #       - test-node
    #       - test-java
