# This config was automatically generated from your source code
# Stacks detected: deps:node:.
version: 2.1
orbs:
  node: circleci/node@5
jobs:
  test-node:
    # Install node dependencies and run tests
    executor: node/default
    steps:
      - checkout
      - node/install-packages:
          pkg-manager: npm
      - run:
          name: Run tests
          command: npm run test
workflows:
  ci:
    jobs:
      - test-node
