# This config was automatically generated from your source code
# Stacks detected: deps:java:.,tool:gradle:
version: 2.1
jobs:
  test-java:
    docker:
      - image: cimg/openjdk:17.0
    steps:
      - checkout
      - restore_cache:
          key: gradle-{{ checksum "build.gradle" }}-{{ checksum "gradlew" }}
      - run:
          command: gradlew check
      - store_test_results:
          path: build/test-results
      - save_cache:
          key: gradle-{{ checksum "build.gradle" }}-{{ checksum "gradlew" }}
          paths:
            - ~/.gradle/caches
      - store_artifacts:
          path: build/reports
  deploy:
    # This is an example deploy job, not actually used by the workflow
    docker:
      - image: cimg/base:stable
    steps:
      # Replace this with steps to deploy to users
      - run:
          name: deploy
          command: '#e.g. ./deploy.sh'
workflows:
  build-and-test:
    jobs:
      - test-java
    # - deploy:
    #     requires:
    #       - test-java
