# This config was automatically generated from your source code
# Stacks detected: deps:rust:sample
version: 2.1
jobs:
  test-rust:
    docker:
      - image: cimg/rust:1.70
    working_directory: ~/project/sample
    steps:
      - checkout:
          path: ~/project
      - restore_cache:
          key: cargo-{{ checksum "Cargo.lock" }}
      - run:
          command: cargo test
      - save_cache:
          key: cargo-{{ checksum "Cargo.lock" }}
          paths:
            - ~/.cargo
  deploy:
    # This is an example deploy job, not actually used by the workflow
    docker:
      - image: cimg/base:stable
    steps:
      # Replace this with steps to deploy to users
      - run:
          name: deploy
          command: '#e.g. ./deploy.sh'
workflows:
  build-and-test:
    jobs:
      - test-rust
    # - deploy:
    #     requires:
    #       - test-rust
